Port 60044 is occupied. Retrying in 3 seconds...
Port 60044 is occupied. Retrying in 3 seconds...
Port 60044 is occupied. Retrying in 3 seconds...
Port 60044 is occupied. Retrying in 3 seconds...
Port 60044 is occupied. Retrying in 3 seconds...
Port 60044 is occupied. Retrying in 3 seconds...
Port 60044 is occupied. Retrying in 3 seconds...
Port 60044 is occupied. Retrying in 3 seconds...
Port 60044 is occupied. Retrying in 3 seconds...
Port 60044 is occupied. Retrying in 3 seconds...
Port 60044 is still occupied after 30 seconds.
Traceback (most recent call last):
  File "C:\Users\CarterComish\source\repos\RSPilePythonClientLibrary\docs\example_code\helical_soil.py", line 10, in <module>
    RSPileModeler.startApplication(
    ~~~~~~~~~~~~~~~~~~~~~~~~~~~~~~^
    	overridePathToExecutable=os.getenv("PATH_TO_RSPILE_CPP_REPO") + "\\Build\\Debug_x64\\RSPile.exe",
     ^^^^^^^^^^^^^^^^^^^^^^^^^^^^^^^^^^^^^^^^^^^^^^^^^^^^^^^^^^^^^^^^^^^^^^^^^^^^^^^^^^^^^^^^^^^^^^^^^
    	port=60044
     ^^^^^^^^^^
    	)
     ^
  File "C:\Users\CarterComish\AppData\Local\Programs\Python\Python313\Lib\site-packages\rspile_scripting\RSPileModeler.py", line 70, in startApplication
    appManager.startApplication(executablePath, port, cls._isServerRunning, cls.logger, timeout)
    ~~~~~~~~~~~~~~~~~~~~~~~~~~~^^^^^^^^^^^^^^^^^^^^^^^^^^^^^^^^^^^^^^^^^^^^^^^^^^^^^^^^^^^^^^^^^
  File "C:\Users\CarterComish\AppData\Local\Programs\Python\Python313\Lib\site-packages\rspile_scripting\Utilities\ApplicationManager.py", line 31, in startApplication
    raise RuntimeError(msg)
RuntimeError: Port 60044 is still occupied after 30 seconds.
